// Jest Snapshot v1, https://goo.gl/fbAQLP

exports[`AnctechButton component. should match <AnctechButton /> snapshot. 1`] = `
<DocumentFragment>
  <button
    class="btn btn-primary btn-md"
    data-test-id="anctech-button"
  >
    Button
  </button>
</DocumentFragment>
`;
